// Jest Snapshot v1, https://goo.gl/fbAQLP

exports[`[saluti] should link to submodules 1`] = `
[
  "general",
  "password"
]
`;
